EN leds NULL D:/Downloads/leds.vhd sub00/vhpl02 1611550952
EN pico NULL D:/Downloads/Pico.vhd sub00/vhpl04 1611550954
EN kcpsm3 NULL D:/Downloads/kcpsm3.vhd sub00/vhpl00 1611550950
AR leds low_level_definition D:/Downloads/leds.vhd sub00/vhpl03 1611550953
AR kcpsm3 low_level_definition D:/Downloads/kcpsm3.vhd sub00/vhpl01 1611550951
